Component: ARM Compiler 5.06 update 6 (build 750) Tool: armlink [4d35ed]

==============================================================================

Small function inlining results

Inlined total of 0 calls.

==============================================================================

Image Symbol Table

    Local Symbols

    Symbol Name                              Value     Ov Type        Size  Object(Section)

    RESET                                    0x00000000   Section      440  startup_m480.o(RESET)
    ../clib/microlib/division.c              0x00000000   Number         0  uldiv.o ABSOLUTE
    ../clib/microlib/division.c              0x00000000   Number         0  uidiv.o ABSOLUTE
    ../clib/microlib/init/entry.s            0x00000000   Number         0  entry9b.o ABSOLUTE
    ../clib/microlib/init/entry.s            0x00000000   Number         0  entry11a.o ABSOLUTE
    ../clib/microlib/init/entry.s            0x00000000   Number         0  entry10b.o ABSOLUTE
    ../clib/microlib/init/entry.s            0x00000000   Number         0  entry10a.o ABSOLUTE
    ../clib/microlib/init/entry.s            0x00000000   Number         0  entry11b.o ABSOLUTE
    ../clib/microlib/init/entry.s            0x00000000   Number         0  entry7b.o ABSOLUTE
    ../clib/microlib/init/entry.s            0x00000000   Number         0  entry9a.o ABSOLUTE
    ../clib/microlib/init/entry.s            0x00000000   Number         0  entry8b.o ABSOLUTE
    ../clib/microlib/init/entry.s            0x00000000   Number         0  entry8a.o ABSOLUTE
    ../clib/microlib/init/entry.s            0x00000000   Number         0  entry.o ABSOLUTE
    ../clib/microlib/init/entry.s            0x00000000   Number         0  entry7a.o ABSOLUTE
    ../clib/microlib/init/entry.s            0x00000000   Number         0  entry5.o ABSOLUTE
    ../clib/microlib/init/entry.s            0x00000000   Number         0  entry2.o ABSOLUTE
    ../clib/microlib/longlong.c              0x00000000   Number         0  llshl.o ABSOLUTE
    ../clib/microlib/longlong.c              0x00000000   Number         0  llsshr.o ABSOLUTE
    ../clib/microlib/longlong.c              0x00000000   Number         0  llushr.o ABSOLUTE
    ../clib/microlib/printf/printf.c         0x00000000   Number         0  printf3.o ABSOLUTE
    ../clib/microlib/printf/printf.c         0x00000000   Number         0  printf2.o ABSOLUTE
    ../clib/microlib/printf/printf.c         0x00000000   Number         0  printf6.o ABSOLUTE
    ../clib/microlib/printf/printf.c         0x00000000   Number         0  printf1.o ABSOLUTE
    ../clib/microlib/printf/printf.c         0x00000000   Number         0  printf0.o ABSOLUTE
    ../clib/microlib/printf/printf.c         0x00000000   Number         0  printfa.o ABSOLUTE
    ../clib/microlib/printf/printf.c         0x00000000   Number         0  printf8.o ABSOLUTE
    ../clib/microlib/printf/printf.c         0x00000000   Number         0  printfb.o ABSOLUTE
    ../clib/microlib/printf/printf.c         0x00000000   Number         0  printf7.o ABSOLUTE
    ../clib/microlib/printf/printf.c         0x00000000   Number         0  printf5.o ABSOLUTE
    ../clib/microlib/printf/printf.c         0x00000000   Number         0  printf4.o ABSOLUTE
    ../clib/microlib/printf/stubs.s          0x00000000   Number         0  stubs.o ABSOLUTE
    ../clib/microlib/string/memcpy.c         0x00000000   Number         0  memcpyb.o ABSOLUTE
    ../clib/microlib/string/memcpy.c         0x00000000   Number         0  memcpya.o ABSOLUTE
    ../clib/microlib/string/memset.c         0x00000000   Number         0  memseta.o ABSOLUTE
    ../clib/microlib/string/strlen.c         0x00000000   Number         0  strlen.o ABSOLUTE
    ../clib/microlib/stubs.s                 0x00000000   Number         0  iusefp.o ABSOLUTE
    ../fplib/microlib/fpadd.c                0x00000000   Number         0  dadd.o ABSOLUTE
    ../fplib/microlib/fpdiv.c                0x00000000   Number         0  ddiv.o ABSOLUTE
    ../fplib/microlib/fpepilogue.c           0x00000000   Number         0  depilogue.o ABSOLUTE
    ../fplib/microlib/fpfix.c                0x00000000   Number         0  dfixui.o ABSOLUTE
    ../fplib/microlib/fpfix.c                0x00000000   Number         0  dfixul.o ABSOLUTE
    ../fplib/microlib/fpflt.c                0x00000000   Number         0  dfltui.o ABSOLUTE
    ../fplib/microlib/fpmul.c                0x00000000   Number         0  dmul.o ABSOLUTE
    ..\..\..\Library\Device\Nuvoton\M480\Source\ARM\startup_M480.s 0x00000000   Number         0  startup_m480.o ABSOLUTE
    ..\..\..\Library\Device\Nuvoton\M480\Source\system_M480.c 0x00000000   Number         0  system_m480.o ABSOLUTE
    ..\..\..\Library\StdDriver\src\acmp.c    0x00000000   Number         0  acmp.o ABSOLUTE
    ..\..\..\Library\StdDriver\src\bpwm.c    0x00000000   Number         0  bpwm.o ABSOLUTE
    ..\..\..\Library\StdDriver\src\can.c     0x00000000   Number         0  can.o ABSOLUTE
    ..\..\..\Library\StdDriver\src\clk.c     0x00000000   Number         0  clk.o ABSOLUTE
    ..\..\..\Library\StdDriver\src\crc.c     0x00000000   Number         0  crc.o ABSOLUTE
    ..\..\..\Library\StdDriver\src\crypto.c  0x00000000   Number         0  crypto.o ABSOLUTE
    ..\..\..\Library\StdDriver\src\dac.c     0x00000000   Number         0  dac.o ABSOLUTE
    ..\..\..\Library\StdDriver\src\eadc.c    0x00000000   Number         0  eadc.o ABSOLUTE
    ..\..\..\Library\StdDriver\src\ebi.c     0x00000000   Number         0  ebi.o ABSOLUTE
    ..\..\..\Library\StdDriver\src\ecap.c    0x00000000   Number         0  ecap.o ABSOLUTE
    ..\..\..\Library\StdDriver\src\emac.c    0x00000000   Number         0  emac.o ABSOLUTE
    ..\..\..\Library\StdDriver\src\epwm.c    0x00000000   Number         0  epwm.o ABSOLUTE
    ..\..\..\Library\StdDriver\src\fmc.c     0x00000000   Number         0  fmc.o ABSOLUTE
    ..\..\..\Library\StdDriver\src\gpio.c    0x00000000   Number         0  gpio.o ABSOLUTE
    ..\..\..\Library\StdDriver\src\hsusbd.c  0x00000000   Number         0  hsusbd.o ABSOLUTE
    ..\..\..\Library\StdDriver\src\i2c.c     0x00000000   Number         0  i2c.o ABSOLUTE
    ..\..\..\Library\StdDriver\src\i2s.c     0x00000000   Number         0  i2s.o ABSOLUTE
    ..\..\..\Library\StdDriver\src\pdma.c    0x00000000   Number         0  pdma.o ABSOLUTE
    ..\..\..\Library\StdDriver\src\qei.c     0x00000000   Number         0  qei.o ABSOLUTE
    ..\..\..\Library\StdDriver\src\qspi.c    0x00000000   Number         0  qspi.o ABSOLUTE
    ..\..\..\Library\StdDriver\src\retarget.c 0x00000000   Number         0  retarget.o ABSOLUTE
    ..\..\..\Library\StdDriver\src\rtc.c     0x00000000   Number         0  rtc.o ABSOLUTE
    ..\..\..\Library\StdDriver\src\sc.c      0x00000000   Number         0  sc.o ABSOLUTE
    ..\..\..\Library\StdDriver\src\scuart.c  0x00000000   Number         0  scuart.o ABSOLUTE
    ..\..\..\Library\StdDriver\src\sdh.c     0x00000000   Number         0  sdh.o ABSOLUTE
    ..\..\..\Library\StdDriver\src\spi.c     0x00000000   Number         0  spi.o ABSOLUTE
    ..\..\..\Library\StdDriver\src\spim.c    0x00000000   Number         0  spim.o ABSOLUTE
    ..\..\..\Library\StdDriver\src\sys.c     0x00000000   Number         0  sys.o ABSOLUTE
    ..\..\..\Library\StdDriver\src\timer.c   0x00000000   Number         0  timer.o ABSOLUTE
    ..\..\..\Library\StdDriver\src\timer_pwm.c 0x00000000   Number         0  timer_pwm.o ABSOLUTE
    ..\..\..\Library\StdDriver\src\uart.c    0x00000000   Number         0  uart.o ABSOLUTE
    ..\..\..\Library\StdDriver\src\usbd.c    0x00000000   Number         0  usbd.o ABSOLUTE
    ..\..\..\Library\StdDriver\src\usci_i2c.c 0x00000000   Number         0  usci_i2c.o ABSOLUTE
    ..\..\..\Library\StdDriver\src\usci_spi.c 0x00000000   Number         0  usci_spi.o ABSOLUTE
    ..\..\..\Library\StdDriver\src\usci_uart.c 0x00000000   Number         0  usci_uart.o ABSOLUTE
    ..\..\..\Library\StdDriver\src\wdt.c     0x00000000   Number         0  wdt.o ABSOLUTE
    ..\..\..\Library\StdDriver\src\wwdt.c    0x00000000   Number         0  wwdt.o ABSOLUTE
    ..\\..\\..\\Library\\Device\\Nuvoton\\M480\\Source\\system_M480.c 0x00000000   Number         0  system_m480.o ABSOLUTE
    ..\\..\\..\\Library\\StdDriver\\src\\acmp.c 0x00000000   Number         0  acmp.o ABSOLUTE
    ..\\..\\..\\Library\\StdDriver\\src\\bpwm.c 0x00000000   Number         0  bpwm.o ABSOLUTE
    ..\\..\\..\\Library\\StdDriver\\src\\can.c 0x00000000   Number         0  can.o ABSOLUTE
    ..\\..\\..\\Library\\StdDriver\\src\\clk.c 0x00000000   Number         0  clk.o ABSOLUTE
    ..\\..\\..\\Library\\StdDriver\\src\\crc.c 0x00000000   Number         0  crc.o ABSOLUTE
    ..\\..\\..\\Library\\StdDriver\\src\\crypto.c 0x00000000   Number         0  crypto.o ABSOLUTE
    ..\\..\\..\\Library\\StdDriver\\src\\dac.c 0x00000000   Number         0  dac.o ABSOLUTE
    ..\\..\\..\\Library\\StdDriver\\src\\eadc.c 0x00000000   Number         0  eadc.o ABSOLUTE
    ..\\..\\..\\Library\\StdDriver\\src\\ebi.c 0x00000000   Number         0  ebi.o ABSOLUTE
    ..\\..\\..\\Library\\StdDriver\\src\\ecap.c 0x00000000   Number         0  ecap.o ABSOLUTE
    ..\\..\\..\\Library\\StdDriver\\src\\emac.c 0x00000000   Number         0  emac.o ABSOLUTE
    ..\\..\\..\\Library\\StdDriver\\src\\epwm.c 0x00000000   Number         0  epwm.o ABSOLUTE
    ..\\..\\..\\Library\\StdDriver\\src\\fmc.c 0x00000000   Number         0  fmc.o ABSOLUTE
    ..\\..\\..\\Library\\StdDriver\\src\\gpio.c 0x00000000   Number         0  gpio.o ABSOLUTE
    ..\\..\\..\\Library\\StdDriver\\src\\hsusbd.c 0x00000000   Number         0  hsusbd.o ABSOLUTE
    ..\\..\\..\\Library\\StdDriver\\src\\i2c.c 0x00000000   Number         0  i2c.o ABSOLUTE
    ..\\..\\..\\Library\\StdDriver\\src\\i2s.c 0x00000000   Number         0  i2s.o ABSOLUTE
    ..\\..\\..\\Library\\StdDriver\\src\\pdma.c 0x00000000   Number         0  pdma.o ABSOLUTE
    ..\\..\\..\\Library\\StdDriver\\src\\qei.c 0x00000000   Number         0  qei.o ABSOLUTE
    ..\\..\\..\\Library\\StdDriver\\src\\qspi.c 0x00000000   Number         0  qspi.o ABSOLUTE
    ..\\..\\..\\Library\\StdDriver\\src\\retarget.c 0x00000000   Number         0  retarget.o ABSOLUTE
    ..\\..\\..\\Library\\StdDriver\\src\\rtc.c 0x00000000   Number         0  rtc.o ABSOLUTE
    ..\\..\\..\\Library\\StdDriver\\src\\sc.c 0x00000000   Number         0  sc.o ABSOLUTE
    ..\\..\\..\\Library\\StdDriver\\src\\scuart.c 0x00000000   Number         0  scuart.o ABSOLUTE
    ..\\..\\..\\Library\\StdDriver\\src\\sdh.c 0x00000000   Number         0  sdh.o ABSOLUTE
    ..\\..\\..\\Library\\StdDriver\\src\\spi.c 0x00000000   Number         0  spi.o ABSOLUTE
    ..\\..\\..\\Library\\StdDriver\\src\\spim.c 0x00000000   Number         0  spim.o ABSOLUTE
    ..\\..\\..\\Library\\StdDriver\\src\\sys.c 0x00000000   Number         0  sys.o ABSOLUTE
    ..\\..\\..\\Library\\StdDriver\\src\\timer.c 0x00000000   Number         0  timer.o ABSOLUTE
    ..\\..\\..\\Library\\StdDriver\\src\\timer_pwm.c 0x00000000   Number         0  timer_pwm.o ABSOLUTE
    ..\\..\\..\\Library\\StdDriver\\src\\uart.c 0x00000000   Number         0  uart.o ABSOLUTE
    ..\\..\\..\\Library\\StdDriver\\src\\usbd.c 0x00000000   Number         0  usbd.o ABSOLUTE
    ..\\..\\..\\Library\\StdDriver\\src\\usci_i2c.c 0x00000000   Number         0  usci_i2c.o ABSOLUTE
    ..\\..\\..\\Library\\StdDriver\\src\\usci_spi.c 0x00000000   Number         0  usci_spi.o ABSOLUTE
    ..\\..\\..\\Library\\StdDriver\\src\\usci_uart.c 0x00000000   Number         0  usci_uart.o ABSOLUTE
    ..\\..\\..\\Library\\StdDriver\\src\\wdt.c 0x00000000   Number         0  wdt.o ABSOLUTE
    ..\\..\\..\\Library\\StdDriver\\src\\wwdt.c 0x00000000   Number         0  wwdt.o ABSOLUTE
    ..\\main.c                               0x00000000   Number         0  main.o ABSOLUTE
    ..\\sysclock.c                           0x00000000   Number         0  sysclock.o ABSOLUTE
    ..\main.c                                0x00000000   Number         0  main.o ABSOLUTE
    ..\sysclock.c                            0x00000000   Number         0  sysclock.o ABSOLUTE
    cdrcmple.s                               0x00000000   Number         0  cdrcmple.o ABSOLUTE
    handlers.s                               0x00000000   Number         0  handlers.o ABSOLUTE
    init.s                                   0x00000000   Number         0  init.o ABSOLUTE
    .ARM.Collect$$$$00000000                 0x000001b8   Section        0  entry.o(.ARM.Collect$$$$00000000)
    .ARM.Collect$$$$00000001                 0x000001b8   Section        4  entry2.o(.ARM.Collect$$$$00000001)
    .ARM.Collect$$$$00000004                 0x000001bc   Section        4  entry5.o(.ARM.Collect$$$$00000004)
    .ARM.Collect$$$$00000008                 0x000001c0   Section        0  entry7b.o(.ARM.Collect$$$$00000008)
    .ARM.Collect$$$$0000000A                 0x000001c0   Section        0  entry8b.o(.ARM.Collect$$$$0000000A)
    .ARM.Collect$$$$0000000B                 0x000001c0   Section        8  entry9a.o(.ARM.Collect$$$$0000000B)
    .ARM.Collect$$$$0000000D                 0x000001c8   Section        0  entry10a.o(.ARM.Collect$$$$0000000D)
    .ARM.Collect$$$$0000000F                 0x000001c8   Section        0  entry11a.o(.ARM.Collect$$$$0000000F)
    .ARM.Collect$$$$00002712                 0x000001c8   Section        4  entry2.o(.ARM.Collect$$$$00002712)
    __lit__00000000                          0x000001c8   Data           4  entry2.o(.ARM.Collect$$$$00002712)
    .emb_text                                0x000001cc   Section       28  retarget.o(.emb_text)
    $v0                                      0x000001cc   Number         0  retarget.o(.emb_text)
    .text                                    0x000001e8   Section      104  startup_m480.o(.text)
    $v0                                      0x000001e8   Number         0  startup_m480.o(.text)
    Default_Handler                          0x0000023b   Thumb Code     2  startup_m480.o(.text)
    .text                                    0x00000250   Section        0  uldiv.o(.text)
    .text                                    0x000002b2   Section        0  memcpya.o(.text)
    .text                                    0x000002d6   Section        0  memseta.o(.text)
    .text                                    0x000002fa   Section        0  llshl.o(.text)
    .text                                    0x00000318   Section        0  llushr.o(.text)
    .text                                    0x00000338   Section       36  init.o(.text)
    i.BasicTimer_TIMER3_Init                 0x0000035c   Section        0  main.o(i.BasicTimer_TIMER3_Init)
    i.CLK_DisablePLL                         0x0000038c   Section        0  clk.o(i.CLK_DisablePLL)
    i.CLK_EnableModuleClock                  0x000003a0   Section        0  clk.o(i.CLK_EnableModuleClock)
    i.CLK_EnableXtalRC                       0x000003bc   Section        0  clk.o(i.CLK_EnableXtalRC)
    i.CLK_GetCPUFreq                         0x000003cc   Section        0  clk.o(i.CLK_GetCPUFreq)
    i.CLK_GetHCLKFreq                        0x000003dc   Section        0  clk.o(i.CLK_GetHCLKFreq)
    i.CLK_GetPCLK0Freq                       0x000003ec   Section        0  clk.o(i.CLK_GetPCLK0Freq)
    i.CLK_GetPCLK1Freq                       0x00000450   Section        0  clk.o(i.CLK_GetPCLK1Freq)
    i.CLK_GetPLLClockFreq                    0x000004b8   Section        0  clk.o(i.CLK_GetPLLClockFreq)
    i.CLK_SetHCLK                            0x00000508   Section        0  clk.o(i.CLK_SetHCLK)
    i.CLK_SetModuleClock                     0x0000056c   Section        0  clk.o(i.CLK_SetModuleClock)
    i.CLK_WaitClockReady                     0x000005d4   Section        0  clk.o(i.CLK_WaitClockReady)
    i.GPIO_Init                              0x00000600   Section        0  main.o(i.GPIO_Init)
    i.GPIO_SetMode                           0x0000062c   Section        0  gpio.o(i.GPIO_SetMode)
    i.Hard_Fault_Handler                     0x00000658   Section        0  retarget.o(i.Hard_Fault_Handler)
    __tagsym$$used                           0x00000659   Number         0  retarget.o(i.Hard_Fault_Handler)
    i.LEDTimer_TIMER0_Init                   0x00000680   Section        0  main.o(i.LEDTimer_TIMER0_Init)
    i.NVIC_EnableIRQ                         0x000006b4   Section        0  main.o(i.NVIC_EnableIRQ)
    NVIC_EnableIRQ                           0x000006b5   Thumb Code    22  main.o(i.NVIC_EnableIRQ)
    i.RYG_BreathDimming_10K                  0x000006cc   Section        0  main.o(i.RYG_BreathDimming_10K)
    i.RYG_Init_10K                           0x00000770   Section        0  main.o(i.RYG_Init_10K)
    i.SYS_Init                               0x00000788   Section        0  sysclock.o(i.SYS_Init)
    i.SYS_ResetModule                        0x00000884   Section        0  sys.o(i.SYS_ResetModule)
    i.SendChar                               0x0000089c   Section        0  retarget.o(i.SendChar)
    SendChar                                 0x0000089d   Thumb Code    26  retarget.o(i.SendChar)
    i.SystemCoreClockUpdate                  0x000008bc   Section        0  system_m480.o(i.SystemCoreClockUpdate)
    i.SystemInit                             0x00000904   Section        0  system_m480.o(i.SystemInit)
    i.TIMER_GetModuleClock                   0x0000097c   Section        0  timer.o(i.TIMER_GetModuleClock)
    i.TIMER_Open                             0x000009f4   Section        0  timer.o(i.TIMER_Open)
    i.TMR0_IRQHandler                        0x00000a2c   Section        0  main.o(i.TMR0_IRQHandler)
    i.TMR3_IRQHandler                        0x00000a48   Section        0  main.o(i.TMR3_IRQHandler)
    i.UART0_IRQHandler                       0x00000a94   Section        0  main.o(i.UART0_IRQHandler)
    i.UART0_Init                             0x00000ae8   Section        0  main.o(i.UART0_Init)
    i.UART0_Process                          0x00000bf0   Section        0  main.o(i.UART0_Process)
    i.UART_Open                              0x00000c54   Section        0  uart.o(i.UART_Open)
    i.UART_SetTimeoutCnt                     0x00000d6c   Section        0  uart.o(i.UART_SetTimeoutCnt)
    i.UART_Write                             0x00000d80   Section        0  uart.o(i.UART_Write)
    i.__0printf$8                            0x00000db0   Section        0  printf8.o(i.__0printf$8)
    i.__scatterload_copy                     0x00000dd0   Section       14  handlers.o(i.__scatterload_copy)
    i.__scatterload_null                     0x00000dde   Section        2  handlers.o(i.__scatterload_null)
    i.__scatterload_zeroinit                 0x00000de0   Section       14  handlers.o(i.__scatterload_zeroinit)
    i._printf_core                           0x00000df0   Section        0  printf8.o(i._printf_core)
    _printf_core                             0x00000df1   Thumb Code   996  printf8.o(i._printf_core)
    i._printf_post_padding                   0x00001200   Section        0  printf8.o(i._printf_post_padding)
    _printf_post_padding                     0x00001201   Thumb Code    36  printf8.o(i._printf_post_padding)
    i._printf_pre_padding                    0x00001224   Section        0  printf8.o(i._printf_pre_padding)
    _printf_pre_padding                      0x00001225   Thumb Code    46  printf8.o(i._printf_pre_padding)
    i.fputc                                  0x00001252   Section        0  retarget.o(i.fputc)
    i.main                                   0x0000125e   Section        0  main.o(i.main)
    i.stackDump                              0x00001278   Section        0  retarget.o(i.stackDump)
    stackDump                                0x00001279   Thumb Code    72  retarget.o(i.stackDump)
    .constdata                               0x00001320   Section       48  uart.o(.constdata)
    .constdata                               0x00001350   Section       32  timer.o(.constdata)
    .constdata                               0x00001370   Section       30  main.o(.constdata)
    __FUNCTION__                             0x00001370   Data          16  main.o(.constdata)
    __FUNCTION__                             0x00001380   Data          14  main.o(.constdata)
    .data                                    0x20000000   Section       44  system_m480.o(.data)
    .data                                    0x2000002c   Section        4  retarget.o(.data)
    .data                                    0x20000030   Section       44  main.o(.data)
    state                                    0x20000030   Data           1  main.o(.data)
    led_i                                    0x20000032   Data           2  main.o(.data)
    led_H                                    0x20000034   Data           2  main.o(.data)
    led_W                                    0x20000036   Data           2  main.o(.data)
    CNT                                      0x20000038   Data           2  main.o(.data)
    LOG                                      0x20000048   Data           4  main.o(.data)
    .bss                                     0x2000005c   Section     1028  main.o(.bss)
    STACK                                    0x20000460   Section     2048  startup_m480.o(STACK)

    Global Symbols

    Symbol Name                              Value     Ov Type        Size  Object(Section)

    BuildAttributes$$THM_ISAv4$E$P$D$K$B$S$7EM$VFPi3$EXTD16$VFPS$VFMA$PE$A:L22UL41UL21$X:L11$S22US41US21$IEEE1$IW$USESV6$~STKCKD$USESV7$~SHL$OSPACE$ROPI$EBA8$MICROLIB$REQ8$PRES8$EABIv2 0x00000000   Number         0  anon$$obj.o ABSOLUTE
    __ARM_use_no_argv                        0x00000000   Number         0  main.o ABSOLUTE
    __Vectors                                0x00000000   Data           4  startup_m480.o(RESET)
    _printf_a                                0x00000000   Number         0  stubs.o ABSOLUTE
    _printf_c                                0x00000000   Number         0  stubs.o ABSOLUTE
    _printf_charcount                        0x00000000   Number         0  stubs.o ABSOLUTE
    _printf_d                                0x00000000   Number         0  stubs.o ABSOLUTE
    _printf_e                                0x00000000   Number         0  stubs.o ABSOLUTE
    _printf_f                                0x00000000   Number         0  stubs.o ABSOLUTE
    _printf_flags                            0x00000000   Number         0  stubs.o ABSOLUTE
    _printf_fp_dec                           0x00000000   Number         0  stubs.o ABSOLUTE
    _printf_fp_hex                           0x00000000   Number         0  stubs.o ABSOLUTE
    _printf_g                                0x00000000   Number         0  stubs.o ABSOLUTE
    _printf_i                                0x00000000   Number         0  stubs.o ABSOLUTE
    _printf_int_dec                          0x00000000   Number         0  stubs.o ABSOLUTE
    _printf_l                                0x00000000   Number         0  stubs.o ABSOLUTE
    _printf_lc                               0x00000000   Number         0  stubs.o ABSOLUTE
    _printf_ll                               0x00000000   Number         0  stubs.o ABSOLUTE
    _printf_lld                              0x00000000   Number         0  stubs.o ABSOLUTE
    _printf_lli                              0x00000000   Number         0  stubs.o ABSOLUTE
    _printf_llo                              0x00000000   Number         0  stubs.o ABSOLUTE
    _printf_llu                              0x00000000   Number         0  stubs.o ABSOLUTE
    _printf_llx                              0x00000000   Number         0  stubs.o ABSOLUTE
    _printf_longlong_dec                     0x00000000   Number         0  stubs.o ABSOLUTE
    _printf_longlong_hex                     0x00000000   Number         0  stubs.o ABSOLUTE
    _printf_longlong_oct                     0x00000000   Number         0  stubs.o ABSOLUTE
    _printf_ls                               0x00000000   Number         0  stubs.o ABSOLUTE
    _printf_mbtowc                           0x00000000   Number         0  stubs.o ABSOLUTE
    _printf_n                                0x00000000   Number         0  stubs.o ABSOLUTE
    _printf_o                                0x00000000   Number         0  stubs.o ABSOLUTE
    _printf_p                                0x00000000   Number         0  stubs.o ABSOLUTE
    _printf_percent                          0x00000000   Number         0  stubs.o ABSOLUTE
    _printf_pre_padding                      0x00000000   Number         0  stubs.o ABSOLUTE
    _printf_return_value                     0x00000000   Number         0  stubs.o ABSOLUTE
    _printf_s                                0x00000000   Number         0  stubs.o ABSOLUTE
    _printf_sizespec                         0x00000000   Number         0  stubs.o ABSOLUTE
    _printf_str                              0x00000000   Number         0  stubs.o ABSOLUTE
    _printf_truncate_signed                  0x00000000   Number         0  stubs.o ABSOLUTE
    _printf_truncate_unsigned                0x00000000   Number         0  stubs.o ABSOLUTE
    _printf_u                                0x00000000   Number         0  stubs.o ABSOLUTE
    _printf_wc                               0x00000000   Number         0  stubs.o ABSOLUTE
    _printf_wctomb                           0x00000000   Number         0  stubs.o ABSOLUTE
    _printf_widthprec                        0x00000000   Number         0  stubs.o ABSOLUTE
    _printf_x                                0x00000000   Number         0  stubs.o ABSOLUTE
    __cpp_initialize__aeabi_                  - Undefined Weak Reference
    __cxa_finalize                            - Undefined Weak Reference
    __decompress                              - Undefined Weak Reference
    _clock_init                               - Undefined Weak Reference
    _microlib_exit                            - Undefined Weak Reference
    __Vectors_End                            0x000001b8   Data           0  startup_m480.o(RESET)
    __Vectors_Size                           0x000001b8   Number         0  startup_m480.o ABSOLUTE
    __main                                   0x000001b9   Thumb Code     0  entry.o(.ARM.Collect$$$$00000000)
    _main_stk                                0x000001b9   Thumb Code     0  entry2.o(.ARM.Collect$$$$00000001)
    _main_scatterload                        0x000001bd   Thumb Code     0  entry5.o(.ARM.Collect$$$$00000004)
    __main_after_scatterload                 0x000001c1   Thumb Code     0  entry5.o(.ARM.Collect$$$$00000004)
    _main_clock                              0x000001c1   Thumb Code     0  entry7b.o(.ARM.Collect$$$$00000008)
    _main_cpp_init                           0x000001c1   Thumb Code     0  entry8b.o(.ARM.Collect$$$$0000000A)
    _main_init                               0x000001c1   Thumb Code     0  entry9a.o(.ARM.Collect$$$$0000000B)
    __rt_final_cpp                           0x000001c9   Thumb Code     0  entry10a.o(.ARM.Collect$$$$0000000D)
    __rt_final_exit                          0x000001c9   Thumb Code     0  entry11a.o(.ARM.Collect$$$$0000000F)
    HardFault_Handler                        0x000001cd   Thumb Code    24  retarget.o(.emb_text)
    Reset_Handler                            0x000001e9   Thumb Code    64  startup_m480.o(.text)
    NMI_Handler                              0x00000229   Thumb Code     2  startup_m480.o(.text)
    MemManage_Handler                        0x0000022d   Thumb Code     2  startup_m480.o(.text)
    BusFault_Handler                         0x0000022f   Thumb Code     2  startup_m480.o(.text)
    UsageFault_Handler                       0x00000231   Thumb Code     2  startup_m480.o(.text)
    SVC_Handler                              0x00000233   Thumb Code     2  startup_m480.o(.text)
    DebugMon_Handler                         0x00000235   Thumb Code     2  startup_m480.o(.text)
    PendSV_Handler                           0x00000237   Thumb Code     2  startup_m480.o(.text)
    SysTick_Handler                          0x00000239   Thumb Code     2  startup_m480.o(.text)
    ACMP01_IRQHandler                        0x0000023b   Thumb Code     0  startup_m480.o(.text)
    ADC00_IRQHandler                         0x0000023b   Thumb Code     0  startup_m480.o(.text)
    ADC01_IRQHandler                         0x0000023b   Thumb Code     0  startup_m480.o(.text)
    ADC02_IRQHandler                         0x0000023b   Thumb Code     0  startup_m480.o(.text)
    ADC03_IRQHandler                         0x0000023b   Thumb Code     0  startup_m480.o(.text)
    BOD_IRQHandler                           0x0000023b   Thumb Code     0  startup_m480.o(.text)
    BPWM0_IRQHandler                         0x0000023b   Thumb Code     0  startup_m480.o(.text)
    BPWM1_IRQHandler                         0x0000023b   Thumb Code     0  startup_m480.o(.text)
    BRAKE0_IRQHandler                        0x0000023b   Thumb Code     0  startup_m480.o(.text)
    BRAKE1_IRQHandler                        0x0000023b   Thumb Code     0  startup_m480.o(.text)
    CAN0_IRQHandler                          0x0000023b   Thumb Code     0  startup_m480.o(.text)
    CAN1_IRQHandler                          0x0000023b   Thumb Code     0  startup_m480.o(.text)
    CKFAIL_IRQHandler                        0x0000023b   Thumb Code     0  startup_m480.o(.text)
    CRYPTO_IRQHandler                        0x0000023b   Thumb Code     0  startup_m480.o(.text)
    DAC_IRQHandler                           0x0000023b   Thumb Code     0  startup_m480.o(.text)
    ECAP0_IRQHandler                         0x0000023b   Thumb Code     0  startup_m480.o(.text)
    ECAP1_IRQHandler                         0x0000023b   Thumb Code     0  startup_m480.o(.text)
    EHCI_IRQHandler                          0x0000023b   Thumb Code     0  startup_m480.o(.text)
    EINT0_IRQHandler                         0x0000023b   Thumb Code     0  startup_m480.o(.text)
    EINT1_IRQHandler                         0x0000023b   Thumb Code     0  startup_m480.o(.text)
    EINT2_IRQHandler                         0x0000023b   Thumb Code     0  startup_m480.o(.text)
    EINT3_IRQHandler                         0x0000023b   Thumb Code     0  startup_m480.o(.text)
    EINT4_IRQHandler                         0x0000023b   Thumb Code     0  startup_m480.o(.text)
    EINT5_IRQHandler                         0x0000023b   Thumb Code     0  startup_m480.o(.text)
    EINT6_IRQHandler                         0x0000023b   Thumb Code     0  startup_m480.o(.text)
    EINT7_IRQHandler                         0x0000023b   Thumb Code     0  startup_m480.o(.text)
    EMAC_RX_IRQHandler                       0x0000023b   Thumb Code     0  startup_m480.o(.text)
    EMAC_TX_IRQHandler                       0x0000023b   Thumb Code     0  startup_m480.o(.text)
    EPWM0P0_IRQHandler                       0x0000023b   Thumb Code     0  startup_m480.o(.text)
    EPWM0P1_IRQHandler                       0x0000023b   Thumb Code     0  startup_m480.o(.text)
    EPWM0P2_IRQHandler                       0x0000023b   Thumb Code     0  startup_m480.o(.text)
    EPWM1P0_IRQHandler                       0x0000023b   Thumb Code     0  startup_m480.o(.text)
    EPWM1P1_IRQHandler                       0x0000023b   Thumb Code     0  startup_m480.o(.text)
    EPWM1P2_IRQHandler                       0x0000023b   Thumb Code     0  startup_m480.o(.text)
    GPA_IRQHandler                           0x0000023b   Thumb Code     0  startup_m480.o(.text)
    GPB_IRQHandler                           0x0000023b   Thumb Code     0  startup_m480.o(.text)
    GPC_IRQHandler                           0x0000023b   Thumb Code     0  startup_m480.o(.text)
    GPD_IRQHandler                           0x0000023b   Thumb Code     0  startup_m480.o(.text)
    GPE_IRQHandler                           0x0000023b   Thumb Code     0  startup_m480.o(.text)
    GPF_IRQHandler                           0x0000023b   Thumb Code     0  startup_m480.o(.text)
    GPG_IRQHandler                           0x0000023b   Thumb Code     0  startup_m480.o(.text)
    GPH_IRQHandler                           0x0000023b   Thumb Code     0  startup_m480.o(.text)
    I2C0_IRQHandler                          0x0000023b   Thumb Code     0  startup_m480.o(.text)
    I2C1_IRQHandler                          0x0000023b   Thumb Code     0  startup_m480.o(.text)
    I2C2_IRQHandler                          0x0000023b   Thumb Code     0  startup_m480.o(.text)
    I2S0_IRQHandler                          0x0000023b   Thumb Code     0  startup_m480.o(.text)
    IRC_IRQHandler                           0x0000023b   Thumb Code     0  startup_m480.o(.text)
    OHCI_IRQHandler                          0x0000023b   Thumb Code     0  startup_m480.o(.text)
    OPA0_IRQHandler                          0x0000023b   Thumb Code     0  startup_m480.o(.text)
    PDMA_IRQHandler                          0x0000023b   Thumb Code     0  startup_m480.o(.text)
    PWRWU_IRQHandler                         0x0000023b   Thumb Code     0  startup_m480.o(.text)
    QEI0_IRQHandler                          0x0000023b   Thumb Code     0  startup_m480.o(.text)
    QEI1_IRQHandler                          0x0000023b   Thumb Code     0  startup_m480.o(.text)
    QSPI0_IRQHandler                         0x0000023b   Thumb Code     0  startup_m480.o(.text)
    RAMPE_IRQHandler                         0x0000023b   Thumb Code     0  startup_m480.o(.text)
    RTC_IRQHandler                           0x0000023b   Thumb Code     0  startup_m480.o(.text)
    SC0_IRQHandler                           0x0000023b   Thumb Code     0  startup_m480.o(.text)
    SC1_IRQHandler                           0x0000023b   Thumb Code     0  startup_m480.o(.text)
    SC2_IRQHandler                           0x0000023b   Thumb Code     0  startup_m480.o(.text)
    SDH0_IRQHandler                          0x0000023b   Thumb Code     0  startup_m480.o(.text)
    SDH1_IRQHandler                          0x0000023b   Thumb Code     0  startup_m480.o(.text)
    SPI0_IRQHandler                          0x0000023b   Thumb Code     0  startup_m480.o(.text)
    SPI1_IRQHandler                          0x0000023b   Thumb Code     0  startup_m480.o(.text)
    SPI2_IRQHandler                          0x0000023b   Thumb Code     0  startup_m480.o(.text)
    SPI3_IRQHandler                          0x0000023b   Thumb Code     0  startup_m480.o(.text)
    SPIM_IRQHandler                          0x0000023b   Thumb Code     0  startup_m480.o(.text)
    TAMPER_IRQHandler                        0x0000023b   Thumb Code     0  startup_m480.o(.text)
    TMR1_IRQHandler                          0x0000023b   Thumb Code     0  startup_m480.o(.text)
    TMR2_IRQHandler                          0x0000023b   Thumb Code     0  startup_m480.o(.text)
    UART1_IRQHandler                         0x0000023b   Thumb Code     0  startup_m480.o(.text)
    UART2_IRQHandler                         0x0000023b   Thumb Code     0  startup_m480.o(.text)
    UART3_IRQHandler                         0x0000023b   Thumb Code     0  startup_m480.o(.text)
    UART4_IRQHandler                         0x0000023b   Thumb Code     0  startup_m480.o(.text)
    UART5_IRQHandler                         0x0000023b   Thumb Code     0  startup_m480.o(.text)
    USBD20_IRQHandler                        0x0000023b   Thumb Code     0  startup_m480.o(.text)
    USBD_IRQHandler                          0x0000023b   Thumb Code     0  startup_m480.o(.text)
    USBOTG20_IRQHandler                      0x0000023b   Thumb Code     0  startup_m480.o(.text)
    USBOTG_IRQHandler                        0x0000023b   Thumb Code     0  startup_m480.o(.text)
    USCI0_IRQHandler                         0x0000023b   Thumb Code     0  startup_m480.o(.text)
    USCI1_IRQHandler                         0x0000023b   Thumb Code     0  startup_m480.o(.text)
    WDT_IRQHandler                           0x0000023b   Thumb Code     0  startup_m480.o(.text)
    WWDT_IRQHandler                          0x0000023b   Thumb Code     0  startup_m480.o(.text)
    __aeabi_uldivmod                         0x00000251   Thumb Code    98  uldiv.o(.text)
    __aeabi_memcpy                           0x000002b3   Thumb Code    36  memcpya.o(.text)
    __aeabi_memcpy4                          0x000002b3   Thumb Code     0  memcpya.o(.text)
    __aeabi_memcpy8                          0x000002b3   Thumb Code     0  memcpya.o(.text)
    __aeabi_memset                           0x000002d7   Thumb Code    14  memseta.o(.text)
    __aeabi_memset4                          0x000002d7   Thumb Code     0  memseta.o(.text)
    __aeabi_memset8                          0x000002d7   Thumb Code     0  memseta.o(.text)
    __aeabi_memclr                           0x000002e5   Thumb Code     4  memseta.o(.text)
    __aeabi_memclr4                          0x000002e5   Thumb Code     0  memseta.o(.text)
    __aeabi_memclr8                          0x000002e5   Thumb Code     0  memseta.o(.text)
    _memset$wrapper                          0x000002e9   Thumb Code    18  memseta.o(.text)
    __aeabi_llsl                             0x000002fb   Thumb Code    30  llshl.o(.text)
    _ll_shift_l                              0x000002fb   Thumb Code     0  llshl.o(.text)
    __aeabi_llsr                             0x00000319   Thumb Code    32  llushr.o(.text)
    _ll_ushift_r                             0x00000319   Thumb Code     0  llushr.o(.text)
    __scatterload                            0x00000339   Thumb Code    28  init.o(.text)
    __scatterload_rt2                        0x00000339   Thumb Code     0  init.o(.text)
    BasicTimer_TIMER3_Init                   0x0000035d   Thumb Code    42  main.o(i.BasicTimer_TIMER3_Init)
    CLK_DisablePLL                           0x0000038d   Thumb Code    18  clk.o(i.CLK_DisablePLL)
    CLK_EnableModuleClock                    0x000003a1   Thumb Code    24  clk.o(i.CLK_EnableModuleClock)
    CLK_EnableXtalRC                         0x000003bd   Thumb Code    16  clk.o(i.CLK_EnableXtalRC)
    CLK_GetCPUFreq                           0x000003cd   Thumb Code    12  clk.o(i.CLK_GetCPUFreq)
    CLK_GetHCLKFreq                          0x000003dd   Thumb Code    12  clk.o(i.CLK_GetHCLKFreq)
    CLK_GetPCLK0Freq                         0x000003ed   Thumb Code    96  clk.o(i.CLK_GetPCLK0Freq)
    CLK_GetPCLK1Freq                         0x00000451   Thumb Code    98  clk.o(i.CLK_GetPCLK1Freq)
    CLK_GetPLLClockFreq                      0x000004b9   Thumb Code    66  clk.o(i.CLK_GetPLLClockFreq)
    CLK_SetHCLK                              0x00000509   Thumb Code    98  clk.o(i.CLK_SetHCLK)
    CLK_SetModuleClock                       0x0000056d   Thumb Code    98  clk.o(i.CLK_SetModuleClock)
    CLK_WaitClockReady                       0x000005d5   Thumb Code    38  clk.o(i.CLK_WaitClockReady)
    GPIO_Init                                0x00000601   Thumb Code    38  main.o(i.GPIO_Init)
    GPIO_SetMode                             0x0000062d   Thumb Code    44  gpio.o(i.GPIO_SetMode)
    Hard_Fault_Handler                       0x00000659   Thumb Code    16  retarget.o(i.Hard_Fault_Handler)
    LEDTimer_TIMER0_Init                     0x00000681   Thumb Code    46  main.o(i.LEDTimer_TIMER0_Init)
    RYG_BreathDimming_10K                    0x000006cd   Thumb Code   158  main.o(i.RYG_BreathDimming_10K)
    RYG_Init_10K                             0x00000771   Thumb Code    20  main.o(i.RYG_Init_10K)
    SYS_Init                                 0x00000789   Thumb Code   222  sysclock.o(i.SYS_Init)
    SYS_ResetModule                          0x00000885   Thumb Code    20  sys.o(i.SYS_ResetModule)
    SystemCoreClockUpdate                    0x000008bd   Thumb Code    64  system_m480.o(i.SystemCoreClockUpdate)
    SystemInit                               0x00000905   Thumb Code   108  system_m480.o(i.SystemInit)
    TIMER_GetModuleClock                     0x0000097d   Thumb Code   102  timer.o(i.TIMER_GetModuleClock)
    TIMER_Open                               0x000009f5   Thumb Code    54  timer.o(i.TIMER_Open)
    TMR0_IRQHandler                          0x00000a2d   Thumb Code    22  main.o(i.TMR0_IRQHandler)
    TMR3_IRQHandler                          0x00000a49   Thumb Code    50  main.o(i.TMR3_IRQHandler)
    UART0_IRQHandler                         0x00000a95   Thumb Code    76  main.o(i.UART0_IRQHandler)
    UART0_Init                               0x00000ae9   Thumb Code   142  main.o(i.UART0_Init)
    UART0_Process                            0x00000bf1   Thumb Code    76  main.o(i.UART0_Process)
    UART_Open                                0x00000c55   Thumb Code   246  uart.o(i.UART_Open)
    UART_SetTimeoutCnt                       0x00000d6d   Thumb Code    20  uart.o(i.UART_SetTimeoutCnt)
    UART_Write                               0x00000d81   Thumb Code    46  uart.o(i.UART_Write)
    __0printf$8                              0x00000db1   Thumb Code    22  printf8.o(i.__0printf$8)
    __1printf$8                              0x00000db1   Thumb Code     0  printf8.o(i.__0printf$8)
    __2printf                                0x00000db1   Thumb Code     0  printf8.o(i.__0printf$8)
    __scatterload_copy                       0x00000dd1   Thumb Code    14  handlers.o(i.__scatterload_copy)
    __scatterload_null                       0x00000ddf   Thumb Code     2  handlers.o(i.__scatterload_null)
    __scatterload_zeroinit                   0x00000de1   Thumb Code    14  handlers.o(i.__scatterload_zeroinit)
    fputc                                    0x00001253   Thumb Code    12  retarget.o(i.fputc)
    main                                     0x0000125f   Thumb Code    26  main.o(i.main)
    Region$$Table$$Base                      0x00001390   Number         0  anon$$obj.o(Region$$Table)
    Region$$Table$$Limit                     0x000013b0   Number         0  anon$$obj.o(Region$$Table)
    SystemCoreClock                          0x20000000   Data           4  system_m480.o(.data)
    CyclesPerUs                              0x20000004   Data           4  system_m480.o(.data)
    PllClock                                 0x20000008   Data           4  system_m480.o(.data)
    gau32ClkSrcTbl                           0x2000000c   Data          32  system_m480.o(.data)
    __stdout                                 0x2000002c   Data           4  retarget.o(.data)
    brea                                     0x2000003c   Data           4  main.o(.data)
    LED_cnt                                  0x20000040   Data           4  main.o(.data)
    brea_cnt                                 0x20000044   Data           4  main.o(.data)
    LED1_R                                   0x2000004c   Data           4  main.o(.data)
    LED1_G                                   0x20000050   Data           4  main.o(.data)
    LED1_B                                   0x20000054   Data           4  main.o(.data)
    Blink                                    0x20000058   Data           4  main.o(.data)
    uartDev                                  0x2000005c   Data        1028  main.o(.bss)
    __initial_sp                             0x20000c60   Data           0  startup_m480.o(STACK)



==============================================================================

Memory Map of the image

  Image Entry point : 0x000001e9

  Load Region LR_1 (Base: 0x00000000, Size: 0x0000140c, Max: 0xffffffff, ABSOLUTE)

    Execution Region ER_RO (Exec base: 0x00000000, Load base: 0x00000000, Size: 0x000013b0, Max: 0xffffffff, ABSOLUTE)

    Exec Addr    Load Addr    Size         Type   Attr      Idx    E Section Name        Object

    0x00000000   0x00000000   0x000001b8   Data   RO          308    RESET               startup_m480.o
    0x000001b8   0x000001b8   0x00000000   Code   RO         4848  * .ARM.Collect$$$$00000000  mc_w.l(entry.o)
    0x000001b8   0x000001b8   0x00000004   Code   RO         5128    .ARM.Collect$$$$00000001  mc_w.l(entry2.o)
    0x000001bc   0x000001bc   0x00000004   Code   RO         5131    .ARM.Collect$$$$00000004  mc_w.l(entry5.o)
    0x000001c0   0x000001c0   0x00000000   Code   RO         5133    .ARM.Collect$$$$00000008  mc_w.l(entry7b.o)
    0x000001c0   0x000001c0   0x00000000   Code   RO         5135    .ARM.Collect$$$$0000000A  mc_w.l(entry8b.o)
    0x000001c0   0x000001c0   0x00000008   Code   RO         5136    .ARM.Collect$$$$0000000B  mc_w.l(entry9a.o)
    0x000001c8   0x000001c8   0x00000000   Code   RO         5138    .ARM.Collect$$$$0000000D  mc_w.l(entry10a.o)
    0x000001c8   0x000001c8   0x00000000   Code   RO         5140    .ARM.Collect$$$$0000000F  mc_w.l(entry11a.o)
    0x000001c8   0x000001c8   0x00000004   Code   RO         5129    .ARM.Collect$$$$00002712  mc_w.l(entry2.o)
    0x000001cc   0x000001cc   0x0000001c   Code   RO          316    .emb_text           retarget.o
    0x000001e8   0x000001e8   0x00000068   Code   RO          309  * .text               startup_m480.o
    0x00000250   0x00000250   0x00000062   Code   RO         4849    .text               mc_w.l(uldiv.o)
    0x000002b2   0x000002b2   0x00000024   Code   RO         4851    .text               mc_w.l(memcpya.o)
    0x000002d6   0x000002d6   0x00000024   Code   RO         4853    .text               mc_w.l(memseta.o)
    0x000002fa   0x000002fa   0x0000001e   Code   RO         5144    .text               mc_w.l(llshl.o)
    0x00000318   0x00000318   0x00000020   Code   RO         5146    .text               mc_w.l(llushr.o)
    0x00000338   0x00000338   0x00000024   Code   RO         5157    .text               mc_w.l(init.o)
    0x0000035c   0x0000035c   0x00000030   Code   RO         4723    i.BasicTimer_TIMER3_Init  main.o
    0x0000038c   0x0000038c   0x00000012   Code   RO          598    i.CLK_DisablePLL    clk.o
    0x0000039e   0x0000039e   0x00000002   PAD
    0x000003a0   0x000003a0   0x0000001c   Code   RO          603    i.CLK_EnableModuleClock  clk.o
    0x000003bc   0x000003bc   0x00000010   Code   RO          607    i.CLK_EnableXtalRC  clk.o
    0x000003cc   0x000003cc   0x00000010   Code   RO          608    i.CLK_GetCPUFreq    clk.o
    0x000003dc   0x000003dc   0x00000010   Code   RO          609    i.CLK_GetHCLKFreq   clk.o
    0x000003ec   0x000003ec   0x00000064   Code   RO          614    i.CLK_GetPCLK0Freq  clk.o
    0x00000450   0x00000450   0x00000068   Code   RO          615    i.CLK_GetPCLK1Freq  clk.o
    0x000004b8   0x000004b8   0x00000050   Code   RO          616    i.CLK_GetPLLClockFreq  clk.o
    0x00000508   0x00000508   0x00000062   Code   RO          621    i.CLK_SetHCLK       clk.o
    0x0000056a   0x0000056a   0x00000002   PAD
    0x0000056c   0x0000056c   0x00000068   Code   RO          622    i.CLK_SetModuleClock  clk.o
    0x000005d4   0x000005d4   0x0000002c   Code   RO          625    i.CLK_WaitClockReady  clk.o
    0x00000600   0x00000600   0x0000002c   Code   RO         4724    i.GPIO_Init         main.o
    0x0000062c   0x0000062c   0x0000002c   Code   RO         2417    i.GPIO_SetMode      gpio.o
    0x00000658   0x00000658   0x00000028   Code   RO          317    i.Hard_Fault_Handler  retarget.o
    0x00000680   0x00000680   0x00000034   Code   RO         4725    i.LEDTimer_TIMER0_Init  main.o
    0x000006b4   0x000006b4   0x00000016   Code   RO         4726    i.NVIC_EnableIRQ    main.o
    0x000006ca   0x000006ca   0x00000002   PAD
    0x000006cc   0x000006cc   0x000000a4   Code   RO         4727    i.RYG_BreathDimming_10K  main.o
    0x00000770   0x00000770   0x00000018   Code   RO         4729    i.RYG_Init_10K      main.o
    0x00000788   0x00000788   0x000000fc   Code   RO         4824    i.SYS_Init          sysclock.o
    0x00000884   0x00000884   0x00000018   Code   RO          521    i.SYS_ResetModule   sys.o
    0x0000089c   0x0000089c   0x00000020   Code   RO          319    i.SendChar          retarget.o
    0x000008bc   0x000008bc   0x00000048   Code   RO            4    i.SystemCoreClockUpdate  system_m480.o
    0x00000904   0x00000904   0x00000078   Code   RO            5    i.SystemInit        system_m480.o
    0x0000097c   0x0000097c   0x00000078   Code   RO         3931    i.TIMER_GetModuleClock  timer.o
    0x000009f4   0x000009f4   0x00000036   Code   RO         3932    i.TIMER_Open        timer.o
    0x00000a2a   0x00000a2a   0x00000002   PAD
    0x00000a2c   0x00000a2c   0x0000001c   Code   RO         4730    i.TMR0_IRQHandler   main.o
    0x00000a48   0x00000a48   0x0000004c   Code   RO         4731    i.TMR3_IRQHandler   main.o
    0x00000a94   0x00000a94   0x00000054   Code   RO         4732    i.UART0_IRQHandler  main.o
    0x00000ae8   0x00000ae8   0x00000108   Code   RO         4733    i.UART0_Init        main.o
    0x00000bf0   0x00000bf0   0x00000064   Code   RO         4734    i.UART0_Process     main.o
    0x00000c54   0x00000c54   0x00000118   Code   RO          415    i.UART_Open         uart.o
    0x00000d6c   0x00000d6c   0x00000014   Code   RO          421    i.UART_SetTimeoutCnt  uart.o
    0x00000d80   0x00000d80   0x0000002e   Code   RO          422    i.UART_Write        uart.o
    0x00000dae   0x00000dae   0x00000002   PAD
    0x00000db0   0x00000db0   0x00000020   Code   RO         5066    i.__0printf$8       mc_w.l(printf8.o)
    0x00000dd0   0x00000dd0   0x0000000e   Code   RO         5163    i.__scatterload_copy  mc_w.l(handlers.o)
    0x00000dde   0x00000dde   0x00000002   Code   RO         5164    i.__scatterload_null  mc_w.l(handlers.o)
    0x00000de0   0x00000de0   0x0000000e   Code   RO         5165    i.__scatterload_zeroinit  mc_w.l(handlers.o)
    0x00000dee   0x00000dee   0x00000002   PAD
    0x00000df0   0x00000df0   0x00000410   Code   RO         5073    i._printf_core      mc_w.l(printf8.o)
    0x00001200   0x00001200   0x00000024   Code   RO         5074    i._printf_post_padding  mc_w.l(printf8.o)
    0x00001224   0x00001224   0x0000002e   Code   RO         5075    i._printf_pre_padding  mc_w.l(printf8.o)
    0x00001252   0x00001252   0x0000000c   Code   RO          323    i.fputc             retarget.o
    0x0000125e   0x0000125e   0x0000001a   Code   RO         4735    i.main              main.o
    0x00001278   0x00001278   0x000000a8   Code   RO          325    i.stackDump         retarget.o
    0x00001320   0x00001320   0x00000030   Data   RO          423    .constdata          uart.o
    0x00001350   0x00001350   0x00000020   Data   RO         3935    .constdata          timer.o
    0x00001370   0x00001370   0x0000001e   Data   RO         4737    .constdata          main.o
    0x0000138e   0x0000138e   0x00000002   PAD
    0x00001390   0x00001390   0x00000020   Data   RO         5161    Region$$Table       anon$$obj.o


    Execution Region ER_RW (Exec base: 0x20000000, Load base: 0x000013b0, Size: 0x0000005c, Max: 0xffffffff, ABSOLUTE)

    Exec Addr    Load Addr    Size         Type   Attr      Idx    E Section Name        Object

    0x20000000   0x000013b0   0x0000002c   Data   RW            6    .data               system_m480.o
    0x2000002c   0x000013dc   0x00000004   Data   RW          326    .data               retarget.o
    0x20000030   0x000013e0   0x0000002c   Data   RW         4738    .data               main.o


    Execution Region ER_ZI (Exec base: 0x2000005c, Load base: 0x0000140c, Size: 0x00000c04, Max: 0xffffffff, ABSOLUTE)

    Exec Addr    Load Addr    Size         Type   Attr      Idx    E Section Name        Object

    0x2000005c        -       0x00000404   Zero   RW         4736    .bss                main.o
    0x20000460        -       0x00000800   Zero   RW          306    STACK               startup_m480.o


==============================================================================

Image component sizes


      Code (inc. data)   RO Data    RW Data    ZI Data      Debug   Object Name

       624         48          0          0          0       8102   clk.o
        44          0          0          0          0       1091   gpio.o
       932        214         30         44       1028      11710   main.o
       280        130          0          4          0      16223   retarget.o
         0          0          0          0          0      26655   sdh.o
       104         20        440          0       2048        952   startup_m480.o
        24          4          0          0          0        626   sys.o
       252         30          0          0          0      75243   sysclock.o
       192         20          0         44          0      50431   system_m480.o
       174         18         32          0          0       2172   timer.o
       346         34         48          0          0       2994   uart.o

    ----------------------------------------------------------------------
      2982        518        584         92       3076     196199   Object Totals
         0          0         32          0          0          0   (incl. Generated)
        10          0          2          0          0          0   (incl. Padding)

    ----------------------------------------------------------------------

      Code (inc. data)   RO Data    RW Data    ZI Data      Debug   Library Member Name

         0          0          0          0          0          0   entry.o
         0          0          0          0          0          0   entry10a.o
         0          0          0          0          0          0   entry11a.o
         8          4          0          0          0          0   entry2.o
         4          0          0          0          0          0   entry5.o
         0          0          0          0          0          0   entry7b.o
         0          0          0          0          0          0   entry8b.o
         8          4          0          0          0          0   entry9a.o
        30          0          0          0          0          0   handlers.o
        36          8          0          0          0         68   init.o
        30          0          0          0          0         68   llshl.o
        32          0          0          0          0         68   llushr.o
        36          0          0          0          0         68   memcpya.o
        36          0          0          0          0        108   memseta.o
      1154         54          0          0          0        352   printf8.o
        98          0          0          0          0         92   uldiv.o

    ----------------------------------------------------------------------
      1474         70          0          0          0        824   Library Totals
         2          0          0          0          0          0   (incl. Padding)

    ----------------------------------------------------------------------

      Code (inc. data)   RO Data    RW Data    ZI Data      Debug   Library Name

      1472         70          0          0          0        824   mc_w.l

    ----------------------------------------------------------------------
      1474         70          0          0          0        824   Library Totals

    ----------------------------------------------------------------------

==============================================================================


      Code (inc. data)   RO Data    RW Data    ZI Data      Debug   

      4456        588        584         92       3076     193563   Grand Totals
      4456        588        584         92       3076     193563   ELF Image Totals
      4456        588        584         92          0          0   ROM Totals

==============================================================================

    Total RO  Size (Code + RO Data)                 5040 (   4.92kB)
    Total RW  Size (RW Data + ZI Data)              3168 (   3.09kB)
    Total ROM Size (Code + RO Data + RW Data)       5132 (   5.01kB)

==============================================================================

